// Jest Snapshot v1, https://goo.gl/fbAQLP

exports[`Login Component should render without crushing 1`] = `
<div>
  <form
    className="login_form"
    onSubmit={[Function]}
  >
    <input
      className="input_control"
      name="username"
      onChange={[Function]}
      type="text"
      value=""
    />
    <input
      className="input_control"
      name="password"
      onChange={[Function]}
      type="password"
      value=""
    />
    <button
      name="login"
      type="submit"
    >
      Login
    </button>
  </form>
</div>
`;
